{
  "Resources": {
    "WebBucket12880F5B": {
      "Type": "AWS::S3::Bucket",
      "Properties": {
        "BucketEncryption": {
          "ServerSideEncryptionConfiguration": [
            {
              "ServerSideEncryptionByDefault": {
                "SSEAlgorithm": "AES256"
              }
            }
          ]
        },
        "Tags": [
          {
            "Key": "Project",
            "Value": "liflig-cdk-app-reference"
          },
          {
            "Key": "SourceRepo",
            "Value": "github/capralifecycle/liflig-cdk-app-reference"
          },
          {
            "Key": "StackName",
            "Value": "cdkappref-prod-webapp"
          }
        ]
      },
      "UpdateReplacePolicy": "Retain",
      "DeletionPolicy": "Retain",
      "Metadata": {
        "aws:cdk:path": "cdkappref-build-core-prod-pipeline/cdkappref-prod/webapp/WebBucket/Resource"
      }
    },
    "WebBucketPolicy95D08FAA": {
      "Type": "AWS::S3::BucketPolicy",
      "Properties": {
        "Bucket": {
          "Ref": "WebBucket12880F5B"
        },
        "PolicyDocument": {
          "Statement": [
            {
              "Action": "s3:GetObject",
              "Effect": "Allow",
              "Principal": {
                "CanonicalUser": {
                  "Fn::GetAtt": [
                    "DistributionOrigin1S3Origin5F5C0696",
                    "S3CanonicalUserId"
                  ]
                }
              },
              "Resource": {
                "Fn::Join": [
                  "",
                  [
                    {
                      "Fn::GetAtt": [
                        "WebBucket12880F5B",
                        "Arn"
                      ]
                    },
                    "/*"
                  ]
                ]
              }
            }
          ],
          "Version": "2012-10-17"
        }
      },
      "Metadata": {
        "aws:cdk:path": "cdkappref-build-core-prod-pipeline/cdkappref-prod/webapp/WebBucket/Policy/Resource"
      }
    },
    "DistributionOrigin1S3Origin5F5C0696": {
      "Type": "AWS::CloudFront::CloudFrontOriginAccessIdentity",
      "Properties": {
        "CloudFrontOriginAccessIdentityConfig": {
          "Comment": "Identity for cdkapprefbuildcoreprodpipelinecdkapprefprodwebappDistributionOrigin12AF17E41"
        }
      },
      "Metadata": {
        "aws:cdk:path": "cdkappref-build-core-prod-pipeline/cdkappref-prod/webapp/Distribution/Origin1/S3Origin/Resource"
      }
    },
    "Distribution830FAC52": {
      "Type": "AWS::CloudFront::Distribution",
      "Properties": {
        "DistributionConfig": {
          "CustomErrorResponses": [
            {
              "ErrorCachingMinTTL": 300,
              "ErrorCode": 403,
              "ResponseCode": 200,
              "ResponsePagePath": "/index.html"
            },
            {
              "ErrorCachingMinTTL": 300,
              "ErrorCode": 404,
              "ResponseCode": 200,
              "ResponsePagePath": "/index.html"
            }
          ],
          "DefaultCacheBehavior": {
            "CachePolicyId": "658327ea-f89d-4fab-a63d-7e88639e58f6",
            "Compress": true,
            "TargetOriginId": "cdkapprefbuildcoreprodpipelinecdkapprefprodwebappDistributionOrigin12AF17E41",
            "ViewerProtocolPolicy": "allow-all"
          },
          "DefaultRootObject": "index.html",
          "Enabled": true,
          "HttpVersion": "http2",
          "IPV6Enabled": true,
          "Origins": [
            {
              "DomainName": {
                "Fn::GetAtt": [
                  "WebBucket12880F5B",
                  "RegionalDomainName"
                ]
              },
              "Id": "cdkapprefbuildcoreprodpipelinecdkapprefprodwebappDistributionOrigin12AF17E41",
              "OriginPath": "/web",
              "S3OriginConfig": {
                "OriginAccessIdentity": {
                  "Fn::Join": [
                    "",
                    [
                      "origin-access-identity/cloudfront/",
                      {
                        "Ref": "DistributionOrigin1S3Origin5F5C0696"
                      }
                    ]
                  ]
                }
              }
            }
          ],
          "PriceClass": "PriceClass_100"
        },
        "Tags": [
          {
            "Key": "Project",
            "Value": "liflig-cdk-app-reference"
          },
          {
            "Key": "SourceRepo",
            "Value": "github/capralifecycle/liflig-cdk-app-reference"
          },
          {
            "Key": "StackName",
            "Value": "cdkappref-prod-webapp"
          }
        ]
      },
      "Metadata": {
        "aws:cdk:path": "cdkappref-build-core-prod-pipeline/cdkappref-prod/webapp/Distribution/Resource"
      }
    },
    "WebappDeployWebappDeployResourceServiceRole6D7BB70F": {
      "Type": "AWS::IAM::Role",
      "Properties": {
        "AssumeRolePolicyDocument": {
          "Statement": [
            {
              "Action": "sts:AssumeRole",
              "Effect": "Allow",
              "Principal": {
                "Service": "lambda.amazonaws.com"
              }
            }
          ],
          "Version": "2012-10-17"
        },
        "ManagedPolicyArns": [
          {
            "Fn::Join": [
              "",
              [
                "arn:",
                {
                  "Ref": "AWS::Partition"
                },
                ":iam::aws:policy/service-role/AWSLambdaBasicExecutionRole"
              ]
            ]
          }
        ],
        "Tags": [
          {
            "Key": "Project",
            "Value": "liflig-cdk-app-reference"
          },
          {
            "Key": "SourceRepo",
            "Value": "github/capralifecycle/liflig-cdk-app-reference"
          },
          {
            "Key": "StackName",
            "Value": "cdkappref-prod-webapp"
          }
        ]
      },
      "Metadata": {
        "aws:cdk:path": "cdkappref-build-core-prod-pipeline/cdkappref-prod/webapp/WebappDeploy/WebappDeployResource/ServiceRole/Resource"
      }
    },
    "WebappDeployWebappDeployResourceServiceRoleDefaultPolicy5CB528F1": {
      "Type": "AWS::IAM::Policy",
      "Properties": {
        "PolicyDocument": {
          "Statement": [
            {
              "Action": "cloudfront:CreateInvalidation",
              "Effect": "Allow",
              "Resource": "*"
            },
            {
              "Action": [
                "s3:GetObject*",
                "s3:GetBucket*",
                "s3:List*",
                "s3:DeleteObject*",
                "s3:PutObject",
                "s3:PutObjectLegalHold",
                "s3:PutObjectRetention",
                "s3:PutObjectTagging",
                "s3:PutObjectVersionTagging",
                "s3:Abort*"
              ],
              "Effect": "Allow",
              "Resource": [
                {
                  "Fn::GetAtt": [
                    "WebBucket12880F5B",
                    "Arn"
                  ]
                },
                {
                  "Fn::Join": [
                    "",
                    [
                      {
                        "Fn::GetAtt": [
                          "WebBucket12880F5B",
                          "Arn"
                        ]
                      },
                      "/*"
                    ]
                  ]
                }
              ]
            },
            {
              "Action": [
                "s3:GetObject*",
                "s3:GetBucket*",
                "s3:List*"
              ],
              "Effect": "Allow",
              "Resource": [
                {
                  "Fn::Join": [
                    "",
                    [
                      "arn:",
                      {
                        "Ref": "AWS::Partition"
                      },
                      ":s3:::incub-common-build-artifacts-001112238813-eu-west-1"
                    ]
                  ]
                },
                {
                  "Fn::Join": [
                    "",
                    [
                      "arn:",
                      {
                        "Ref": "AWS::Partition"
                      },
                      ":s3:::incub-common-build-artifacts-001112238813-eu-west-1/*"
                    ]
                  ]
                }
              ]
            }
          ],
          "Version": "2012-10-17"
        },
        "PolicyName": "WebappDeployWebappDeployResourceServiceRoleDefaultPolicy5CB528F1",
        "Roles": [
          {
            "Ref": "WebappDeployWebappDeployResourceServiceRole6D7BB70F"
          }
        ]
      },
      "Metadata": {
        "aws:cdk:path": "cdkappref-build-core-prod-pipeline/cdkappref-prod/webapp/WebappDeploy/WebappDeployResource/ServiceRole/DefaultPolicy/Resource"
      }
    },
    "WebappDeployWebappDeployResource568A3E18": {
      "Type": "AWS::Lambda::Function",
      "Properties": {
        "Code": {
          "S3Bucket": "cdk-liflig-assets-001112238813-eu-west-1",
          "S3Key": "snapshot-value.zip"
        },
        "Role": {
          "Fn::GetAtt": [
            "WebappDeployWebappDeployResourceServiceRole6D7BB70F",
            "Arn"
          ]
        },
        "Environment": {
          "Variables": {
            "DEPLOY_LOG_BUCKET_URL": {
              "Fn::Join": [
                "",
                [
                  "s3://",
                  {
                    "Ref": "WebBucket12880F5B"
                  },
                  "/deployments.log"
                ]
              ]
            },
            "EXPIRE_SECONDS": "432000",
            "TARGET_BUCKET_URL": {
              "Fn::Join": [
                "",
                [
                  "s3://",
                  {
                    "Ref": "WebBucket12880F5B"
                  },
                  "/web"
                ]
              ]
            },
            "CF_DISTRIBUTION_ID": {
              "Ref": "Distribution830FAC52"
            }
          }
        },
        "Handler": "webapp_deploy.main.handler",
        "ReservedConcurrentExecutions": 1,
        "Runtime": "python3.8",
        "Tags": [
          {
            "Key": "Project",
            "Value": "liflig-cdk-app-reference"
          },
          {
            "Key": "SourceRepo",
            "Value": "github/capralifecycle/liflig-cdk-app-reference"
          },
          {
            "Key": "StackName",
            "Value": "cdkappref-prod-webapp"
          }
        ],
        "Timeout": 120
      },
      "DependsOn": [
        "WebappDeployWebappDeployResourceServiceRoleDefaultPolicy5CB528F1",
        "WebappDeployWebappDeployResourceServiceRole6D7BB70F"
      ],
      "Metadata": {
        "aws:cdk:path": "cdkappref-build-core-prod-pipeline/cdkappref-prod/webapp/WebappDeploy/WebappDeployResource/Resource",
        "aws:asset:path": "asset.snapshot-value",
        "aws:asset:is-bundled": false,
        "aws:asset:property": "Code"
      }
    },
    "WebappDeployProviderframeworkonEventServiceRole6401B28E": {
      "Type": "AWS::IAM::Role",
      "Properties": {
        "AssumeRolePolicyDocument": {
          "Statement": [
            {
              "Action": "sts:AssumeRole",
              "Effect": "Allow",
              "Principal": {
                "Service": "lambda.amazonaws.com"
              }
            }
          ],
          "Version": "2012-10-17"
        },
        "ManagedPolicyArns": [
          {
            "Fn::Join": [
              "",
              [
                "arn:",
                {
                  "Ref": "AWS::Partition"
                },
                ":iam::aws:policy/service-role/AWSLambdaBasicExecutionRole"
              ]
            ]
          }
        ],
        "Tags": [
          {
            "Key": "Project",
            "Value": "liflig-cdk-app-reference"
          },
          {
            "Key": "SourceRepo",
            "Value": "github/capralifecycle/liflig-cdk-app-reference"
          },
          {
            "Key": "StackName",
            "Value": "cdkappref-prod-webapp"
          }
        ]
      },
      "Metadata": {
        "aws:cdk:path": "cdkappref-build-core-prod-pipeline/cdkappref-prod/webapp/WebappDeploy/Provider/framework-onEvent/ServiceRole/Resource"
      }
    },
    "WebappDeployProviderframeworkonEventServiceRoleDefaultPolicy007A69B8": {
      "Type": "AWS::IAM::Policy",
      "Properties": {
        "PolicyDocument": {
          "Statement": [
            {
              "Action": "lambda:InvokeFunction",
              "Effect": "Allow",
              "Resource": [
                {
                  "Fn::GetAtt": [
                    "WebappDeployWebappDeployResource568A3E18",
                    "Arn"
                  ]
                },
                {
                  "Fn::Join": [
                    "",
                    [
                      {
                        "Fn::GetAtt": [
                          "WebappDeployWebappDeployResource568A3E18",
                          "Arn"
                        ]
                      },
                      ":*"
                    ]
                  ]
                }
              ]
            }
          ],
          "Version": "2012-10-17"
        },
        "PolicyName": "WebappDeployProviderframeworkonEventServiceRoleDefaultPolicy007A69B8",
        "Roles": [
          {
            "Ref": "WebappDeployProviderframeworkonEventServiceRole6401B28E"
          }
        ]
      },
      "Metadata": {
        "aws:cdk:path": "cdkappref-build-core-prod-pipeline/cdkappref-prod/webapp/WebappDeploy/Provider/framework-onEvent/ServiceRole/DefaultPolicy/Resource"
      }
    },
    "WebappDeployProviderframeworkonEvent095845EB": {
      "Type": "AWS::Lambda::Function",
      "Properties": {
        "Code": {
          "S3Bucket": "cdk-liflig-assets-001112238813-eu-west-1",
          "S3Key": "snapshot-value.zip"
        },
        "Role": {
          "Fn::GetAtt": [
            "WebappDeployProviderframeworkonEventServiceRole6401B28E",
            "Arn"
          ]
        },
        "Description": "AWS CDK resource provider framework - onEvent (cdkappref-build-core-prod-pipeline/cdkappref-prod/webapp/WebappDeploy/Provider)",
        "Environment": {
          "Variables": {
            "USER_ON_EVENT_FUNCTION_ARN": {
              "Fn::GetAtt": [
                "WebappDeployWebappDeployResource568A3E18",
                "Arn"
              ]
            }
          }
        },
        "Handler": "framework.onEvent",
        "Runtime": "nodejs14.x",
        "Tags": [
          {
            "Key": "Project",
            "Value": "liflig-cdk-app-reference"
          },
          {
            "Key": "SourceRepo",
            "Value": "github/capralifecycle/liflig-cdk-app-reference"
          },
          {
            "Key": "StackName",
            "Value": "cdkappref-prod-webapp"
          }
        ],
        "Timeout": 900
      },
      "DependsOn": [
        "WebappDeployProviderframeworkonEventServiceRoleDefaultPolicy007A69B8",
        "WebappDeployProviderframeworkonEventServiceRole6401B28E"
      ],
      "Metadata": {
        "aws:cdk:path": "cdkappref-build-core-prod-pipeline/cdkappref-prod/webapp/WebappDeploy/Provider/framework-onEvent/Resource",
        "aws:asset:path": "asset.snapshot-value",
        "aws:asset:is-bundled": false,
        "aws:asset:property": "Code"
      }
    },
    "WebappDeployCustomResourceCA418804": {
      "Type": "AWS::CloudFormation::CustomResource",
      "Properties": {
        "ServiceToken": {
          "Fn::GetAtt": [
            "WebappDeployProviderframeworkonEvent095845EB",
            "Arn"
          ]
        },
        "artifactS3Url": "s3://incub-common-build-artifacts-001112238813-eu-west-1/snapshot-value"
      },
      "UpdateReplacePolicy": "Delete",
      "DeletionPolicy": "Delete",
      "Metadata": {
        "aws:cdk:path": "cdkappref-build-core-prod-pipeline/cdkappref-prod/webapp/WebappDeploy/CustomResource/Default"
      }
    },
    "DomainNameParamB41E83D4": {
      "Type": "AWS::SSM::Parameter",
      "Properties": {
        "Type": "String",
        "Value": {
          "Fn::GetAtt": [
            "Distribution830FAC52",
            "DomainName"
          ]
        },
        "Name": "/cdkappref/prod/webapp-domain-name",
        "Tags": {
          "Project": "liflig-cdk-app-reference",
          "SourceRepo": "github/capralifecycle/liflig-cdk-app-reference",
          "StackName": "cdkappref-prod-webapp"
        }
      },
      "Metadata": {
        "aws:cdk:path": "cdkappref-build-core-prod-pipeline/cdkappref-prod/webapp/DomainNameParam/Resource"
      }
    }
  },
  "Parameters": {
    "BootstrapVersion": {
      "Type": "AWS::SSM::Parameter::Value<String>",
      "Default": "/cdk-bootstrap/liflig/version",
      "Description": "Version of the CDK Bootstrap resources in this environment, automatically retrieved from SSM Parameter Store. [cdk:skip]"
    }
  },
  "Rules": {
    "CheckBootstrapVersion": {
      "Assertions": [
        {
          "Assert": {
            "Fn::Not": [
              {
                "Fn::Contains": [
                  [
                    "1",
                    "2",
                    "3",
                    "4",
                    "5"
                  ],
                  {
                    "Ref": "BootstrapVersion"
                  }
                ]
              }
            ]
          },
          "AssertDescription": "CDK bootstrap stack version 6 required. Please run 'cdk bootstrap' with a recent version of the CDK CLI."
        }
      ]
    }
  }
}