{
  "artifacts": {
    "cdkapprefbuildcoreprodpipelinecdkapprefprodcore53312EE6.assets": {
      "type": "cdk:asset-manifest",
      "properties": {
        "file": "cdkapprefbuildcoreprodpipelinecdkapprefprodcore53312EE6.assets.json",
        "requiresBootstrapStackVersion": 4
      }
    },
    "cdkapprefbuildcoreprodpipelinecdkapprefprodcore53312EE6": {
      "type": "aws:cloudformation:stack",
      "environment": "aws://001112238813/eu-west-1",
      "properties": {
        "templateFile": "cdkapprefbuildcoreprodpipelinecdkapprefprodcore53312EE6.template.json",
        "tags": {
          "Project": "liflig-cdk-app-reference",
          "SourceRepo": "github/capralifecycle/liflig-cdk-app-reference",
          "StackName": "cdkappref-prod-core"
        },
        "assumeRoleArn": "arn:${AWS::Partition}:iam::001112238813:role/cdk-hnb659fds-deploy-role-001112238813-eu-west-1",
        "cloudFormationExecutionRoleArn": "arn:${AWS::Partition}:iam::001112238813:role/cdk-hnb659fds-cfn-exec-role-001112238813-eu-west-1",
        "stackTemplateAssetObjectUrl": "s3://cdk-hnb659fds-assets-001112238813-eu-west-1/snapshot-value",
        "requiresBootstrapStackVersion": 4,
        "additionalDependencies": [
          "cdkapprefbuildcoreprodpipelinecdkapprefprodcore53312EE6.assets"
        ],
        "stackName": "cdkappref-prod-core"
      },
      "dependencies": [
        "cdkapprefbuildcoreprodpipelinecdkapprefprodcore53312EE6.assets"
      ],
      "metadata": {
        "/cdkappref-build-core-prod-pipeline/cdkappref-prod/core": [
          {
            "type": "aws:cdk:stack-tags",
            "data": [
              {
                "Key": "Project",
                "Value": "liflig-cdk-app-reference"
              },
              {
                "Key": "SourceRepo",
                "Value": "github/capralifecycle/liflig-cdk-app-reference"
              },
              {
                "Key": "StackName",
                "Value": "cdkappref-prod-core"
              }
            ]
          }
        ],
        "/cdkappref-build-core-prod-pipeline/cdkappref-prod/core/ExampleResource/Resource": [
          {
            "type": "aws:cdk:logicalId",
            "data": "ExampleResourceAC53F4AE"
          }
        ],
        "/cdkappref-build-core-prod-pipeline/cdkappref-prod/core/DemoParam/Resource": [
          {
            "type": "aws:cdk:logicalId",
            "data": "DemoParam641CC643"
          }
        ],
        "/cdkappref-build-core-prod-pipeline/cdkappref-prod/core/CDKMetadata/Default": [
          {
            "type": "aws:cdk:logicalId",
            "data": "CDKMetadata"
          }
        ],
        "/cdkappref-build-core-prod-pipeline/cdkappref-prod/core/BootstrapVersion": [
          {
            "type": "aws:cdk:logicalId",
            "data": "BootstrapVersion"
          }
        ],
        "/cdkappref-build-core-prod-pipeline/cdkappref-prod/core/CheckBootstrapVersion": [
          {
            "type": "aws:cdk:logicalId",
            "data": "CheckBootstrapVersion"
          }
        ]
      }
    },
    "cdkapprefbuildcoreprodpipelinecdkapprefprodwebappC6460F7C.assets": {
      "type": "cdk:asset-manifest",
      "properties": {
        "file": "cdkapprefbuildcoreprodpipelinecdkapprefprodwebappC6460F7C.assets.json",
        "requiresBootstrapStackVersion": 4
      }
    },
    "cdkapprefbuildcoreprodpipelinecdkapprefprodwebappC6460F7C": {
      "type": "aws:cloudformation:stack",
      "environment": "aws://001112238813/eu-west-1",
      "properties": {
        "templateFile": "cdkapprefbuildcoreprodpipelinecdkapprefprodwebappC6460F7C.template.json",
        "tags": {
          "Project": "liflig-cdk-app-reference",
          "SourceRepo": "github/capralifecycle/liflig-cdk-app-reference",
          "StackName": "cdkappref-prod-webapp"
        },
        "assumeRoleArn": "arn:${AWS::Partition}:iam::001112238813:role/cdk-hnb659fds-deploy-role-001112238813-eu-west-1",
        "cloudFormationExecutionRoleArn": "arn:${AWS::Partition}:iam::001112238813:role/cdk-hnb659fds-cfn-exec-role-001112238813-eu-west-1",
        "stackTemplateAssetObjectUrl": "s3://cdk-hnb659fds-assets-001112238813-eu-west-1/snapshot-value",
        "requiresBootstrapStackVersion": 4,
        "additionalDependencies": [
          "cdkapprefbuildcoreprodpipelinecdkapprefprodwebappC6460F7C.assets"
        ],
        "stackName": "cdkappref-prod-webapp"
      },
      "dependencies": [
        "cdkapprefbuildcoreprodpipelinecdkapprefprodwebappC6460F7C.assets"
      ],
      "metadata": {
        "/cdkappref-build-core-prod-pipeline/cdkappref-prod/webapp": [
          {
            "type": "aws:cdk:stack-tags",
            "data": [
              {
                "Key": "Project",
                "Value": "liflig-cdk-app-reference"
              },
              {
                "Key": "SourceRepo",
                "Value": "github/capralifecycle/liflig-cdk-app-reference"
              },
              {
                "Key": "StackName",
                "Value": "cdkappref-prod-webapp"
              }
            ]
          }
        ],
        "/cdkappref-build-core-prod-pipeline/cdkappref-prod/webapp/WebBucket/Resource": [
          {
            "type": "aws:cdk:logicalId",
            "data": "WebBucket12880F5B"
          }
        ],
        "/cdkappref-build-core-prod-pipeline/cdkappref-prod/webapp/WebBucket/Policy/Resource": [
          {
            "type": "aws:cdk:logicalId",
            "data": "WebBucketPolicy95D08FAA"
          }
        ],
        "/cdkappref-build-core-prod-pipeline/cdkappref-prod/webapp/Distribution/Origin1/S3Origin/Resource": [
          {
            "type": "aws:cdk:logicalId",
            "data": "DistributionOrigin1S3Origin5F5C0696"
          }
        ],
        "/cdkappref-build-core-prod-pipeline/cdkappref-prod/webapp/Distribution/Resource": [
          {
            "type": "aws:cdk:logicalId",
            "data": "Distribution830FAC52"
          }
        ],
        "/cdkappref-build-core-prod-pipeline/cdkappref-prod/webapp/WebappDeploy/Resource/ServiceRole/Resource": [
          {
            "type": "aws:cdk:logicalId",
            "data": "WebappDeployServiceRole78F79841"
          }
        ],
        "/cdkappref-build-core-prod-pipeline/cdkappref-prod/webapp/WebappDeploy/Resource/ServiceRole/DefaultPolicy/Resource": [
          {
            "type": "aws:cdk:logicalId",
            "data": "WebappDeployServiceRoleDefaultPolicyE446530F"
          }
        ],
        "/cdkappref-build-core-prod-pipeline/cdkappref-prod/webapp/WebappDeploy/Resource/Resource": [
          {
            "type": "aws:cdk:logicalId",
            "data": "WebappDeploy4D661524"
          }
        ],
        "/cdkappref-build-core-prod-pipeline/cdkappref-prod/webapp/WebappDeploy/CustomResource/CustomResourcePolicy/Resource": [
          {
            "type": "aws:cdk:logicalId",
            "data": "WebappDeployCustomResourceCustomResourcePolicyB85F7B61"
          }
        ],
        "/cdkappref-build-core-prod-pipeline/cdkappref-prod/webapp/WebappDeploy/CustomResource/Resource/Default": [
          {
            "type": "aws:cdk:logicalId",
            "data": "WebappDeployCustomResourceCF959726"
          }
        ],
        "/cdkappref-build-core-prod-pipeline/cdkappref-prod/webapp/AWS679f53fac002430cb0da5b7982bd2287/ServiceRole/Resource": [
          {
            "type": "aws:cdk:logicalId",
            "data": "AWS679f53fac002430cb0da5b7982bd2287ServiceRoleC1EA0FF2"
          }
        ],
        "/cdkappref-build-core-prod-pipeline/cdkappref-prod/webapp/AWS679f53fac002430cb0da5b7982bd2287/Resource": [
          {
            "type": "aws:cdk:logicalId",
            "data": "AWS679f53fac002430cb0da5b7982bd22872D164C4C"
          }
        ],
        "/cdkappref-build-core-prod-pipeline/cdkappref-prod/webapp/DomainNameParam/Resource": [
          {
            "type": "aws:cdk:logicalId",
            "data": "DomainNameParamB41E83D4"
          }
        ],
        "/cdkappref-build-core-prod-pipeline/cdkappref-prod/webapp/CDKMetadata/Default": [
          {
            "type": "aws:cdk:logicalId",
            "data": "CDKMetadata"
          }
        ],
        "/cdkappref-build-core-prod-pipeline/cdkappref-prod/webapp/BootstrapVersion": [
          {
            "type": "aws:cdk:logicalId",
            "data": "BootstrapVersion"
          }
        ],
        "/cdkappref-build-core-prod-pipeline/cdkappref-prod/webapp/CheckBootstrapVersion": [
          {
            "type": "aws:cdk:logicalId",
            "data": "CheckBootstrapVersion"
          }
        ]
      }
    }
  }
}