{
  "Tags": {
    "Project": "liflig-cdk-app-reference",
    "SourceRepo": "github/capralifecycle/liflig-cdk-app-reference",
    "StackName": "cdkappref-dev-core"
  }
}