{
  "Resources": {
    "WebBucket12880F5B": {
      "Type": "AWS::S3::Bucket",
      "Properties": {
        "BucketEncryption": {
          "ServerSideEncryptionConfiguration": [
            {
              "ServerSideEncryptionByDefault": {
                "SSEAlgorithm": "AES256"
              }
            }
          ]
        },
        "Tags": [
          {
            "Key": "Project",
            "Value": "liflig-cdk-app-reference"
          },
          {
            "Key": "SourceRepo",
            "Value": "github/capralifecycle/liflig-cdk-app-reference"
          },
          {
            "Key": "StackName",
            "Value": "cdkappref-staging-webapp"
          }
        ]
      },
      "UpdateReplacePolicy": "Retain",
      "DeletionPolicy": "Retain",
      "Metadata": {
        "aws:cdk:path": "cdkappref-build-core-prod-pipeline/cdkappref-staging/webapp/WebBucket/Resource"
      }
    },
    "WebBucketPolicy95D08FAA": {
      "Type": "AWS::S3::BucketPolicy",
      "Properties": {
        "Bucket": {
          "Ref": "WebBucket12880F5B"
        },
        "PolicyDocument": {
          "Statement": [
            {
              "Action": "s3:GetObject",
              "Effect": "Allow",
              "Principal": {
                "CanonicalUser": {
                  "Fn::GetAtt": [
                    "DistributionOrigin1S3Origin5F5C0696",
                    "S3CanonicalUserId"
                  ]
                }
              },
              "Resource": {
                "Fn::Join": [
                  "",
                  [
                    {
                      "Fn::GetAtt": [
                        "WebBucket12880F5B",
                        "Arn"
                      ]
                    },
                    "/*"
                  ]
                ]
              }
            }
          ],
          "Version": "2012-10-17"
        }
      },
      "Metadata": {
        "aws:cdk:path": "cdkappref-build-core-prod-pipeline/cdkappref-staging/webapp/WebBucket/Policy/Resource"
      }
    },
    "DistributionOrigin1S3Origin5F5C0696": {
      "Type": "AWS::CloudFront::CloudFrontOriginAccessIdentity",
      "Properties": {
        "CloudFrontOriginAccessIdentityConfig": {
          "Comment": "Identity for cdkapprefbuildcoreprodpipelinecdkapprefstagingwebappDistributionOrigin13625073B"
        }
      },
      "Metadata": {
        "aws:cdk:path": "cdkappref-build-core-prod-pipeline/cdkappref-staging/webapp/Distribution/Origin1/S3Origin/Resource"
      }
    },
    "Distribution830FAC52": {
      "Type": "AWS::CloudFront::Distribution",
      "Properties": {
        "DistributionConfig": {
          "CustomErrorResponses": [
            {
              "ErrorCachingMinTTL": 300,
              "ErrorCode": 403,
              "ResponseCode": 200,
              "ResponsePagePath": "/index.html"
            },
            {
              "ErrorCachingMinTTL": 300,
              "ErrorCode": 404,
              "ResponseCode": 200,
              "ResponsePagePath": "/index.html"
            }
          ],
          "DefaultCacheBehavior": {
            "CachePolicyId": "658327ea-f89d-4fab-a63d-7e88639e58f6",
            "Compress": true,
            "TargetOriginId": "cdkapprefbuildcoreprodpipelinecdkapprefstagingwebappDistributionOrigin13625073B",
            "ViewerProtocolPolicy": "allow-all"
          },
          "DefaultRootObject": "index.html",
          "Enabled": true,
          "HttpVersion": "http2",
          "IPV6Enabled": true,
          "Origins": [
            {
              "DomainName": {
                "Fn::GetAtt": [
                  "WebBucket12880F5B",
                  "RegionalDomainName"
                ]
              },
              "Id": "cdkapprefbuildcoreprodpipelinecdkapprefstagingwebappDistributionOrigin13625073B",
              "OriginPath": "/web",
              "S3OriginConfig": {
                "OriginAccessIdentity": {
                  "Fn::Join": [
                    "",
                    [
                      "origin-access-identity/cloudfront/",
                      {
                        "Ref": "DistributionOrigin1S3Origin5F5C0696"
                      }
                    ]
                  ]
                }
              }
            }
          ],
          "PriceClass": "PriceClass_100"
        },
        "Tags": [
          {
            "Key": "Project",
            "Value": "liflig-cdk-app-reference"
          },
          {
            "Key": "SourceRepo",
            "Value": "github/capralifecycle/liflig-cdk-app-reference"
          },
          {
            "Key": "StackName",
            "Value": "cdkappref-staging-webapp"
          }
        ]
      },
      "Metadata": {
        "aws:cdk:path": "cdkappref-build-core-prod-pipeline/cdkappref-staging/webapp/Distribution/Resource"
      }
    },
    "WebappDeployServiceRole78F79841": {
      "Type": "AWS::IAM::Role",
      "Properties": {
        "AssumeRolePolicyDocument": {
          "Statement": [
            {
              "Action": "sts:AssumeRole",
              "Effect": "Allow",
              "Principal": {
                "Service": "lambda.amazonaws.com"
              }
            }
          ],
          "Version": "2012-10-17"
        },
        "ManagedPolicyArns": [
          {
            "Fn::Join": [
              "",
              [
                "arn:",
                {
                  "Ref": "AWS::Partition"
                },
                ":iam::aws:policy/service-role/AWSLambdaBasicExecutionRole"
              ]
            ]
          }
        ],
        "Tags": [
          {
            "Key": "Project",
            "Value": "liflig-cdk-app-reference"
          },
          {
            "Key": "SourceRepo",
            "Value": "github/capralifecycle/liflig-cdk-app-reference"
          },
          {
            "Key": "StackName",
            "Value": "cdkappref-staging-webapp"
          }
        ]
      },
      "Metadata": {
        "aws:cdk:path": "cdkappref-build-core-prod-pipeline/cdkappref-staging/webapp/WebappDeploy/Resource/ServiceRole/Resource"
      }
    },
    "WebappDeployServiceRoleDefaultPolicyE446530F": {
      "Type": "AWS::IAM::Policy",
      "Properties": {
        "PolicyDocument": {
          "Statement": [
            {
              "Action": "cloudfront:CreateInvalidation",
              "Effect": "Allow",
              "Resource": "*"
            },
            {
              "Action": [
                "s3:GetObject*",
                "s3:GetBucket*",
                "s3:List*",
                "s3:DeleteObject*",
                "s3:PutObject*",
                "s3:Abort*"
              ],
              "Effect": "Allow",
              "Resource": [
                {
                  "Fn::GetAtt": [
                    "WebBucket12880F5B",
                    "Arn"
                  ]
                },
                {
                  "Fn::Join": [
                    "",
                    [
                      {
                        "Fn::GetAtt": [
                          "WebBucket12880F5B",
                          "Arn"
                        ]
                      },
                      "/*"
                    ]
                  ]
                }
              ]
            },
            {
              "Action": [
                "s3:GetObject*",
                "s3:GetBucket*",
                "s3:List*"
              ],
              "Effect": "Allow",
              "Resource": [
                {
                  "Fn::Join": [
                    "",
                    [
                      "arn:",
                      {
                        "Ref": "AWS::Partition"
                      },
                      ":s3:::incub-common-build-artifacts-001112238813-eu-west-1"
                    ]
                  ]
                },
                {
                  "Fn::Join": [
                    "",
                    [
                      "arn:",
                      {
                        "Ref": "AWS::Partition"
                      },
                      ":s3:::incub-common-build-artifacts-001112238813-eu-west-1/*"
                    ]
                  ]
                }
              ]
            }
          ],
          "Version": "2012-10-17"
        },
        "PolicyName": "WebappDeployServiceRoleDefaultPolicyE446530F",
        "Roles": [
          {
            "Ref": "WebappDeployServiceRole78F79841"
          }
        ]
      },
      "Metadata": {
        "aws:cdk:path": "cdkappref-build-core-prod-pipeline/cdkappref-staging/webapp/WebappDeploy/Resource/ServiceRole/DefaultPolicy/Resource"
      }
    },
    "WebappDeploy4D661524": {
      "Type": "AWS::Lambda::Function",
      "Properties": {
        "Code": {
          "S3Bucket": "cdk-hnb659fds-assets-001112238813-eu-west-1",
          "S3Key": "snapshot-value.zip"
        },
        "Role": {
          "Fn::GetAtt": [
            "WebappDeployServiceRole78F79841",
            "Arn"
          ]
        },
        "Environment": {
          "Variables": {
            "DEPLOY_LOG_BUCKET_URL": {
              "Fn::Join": [
                "",
                [
                  "s3://",
                  {
                    "Ref": "WebBucket12880F5B"
                  },
                  "/deployments.log"
                ]
              ]
            },
            "EXPIRE_SECONDS": "432000",
            "TARGET_BUCKET_URL": {
              "Fn::Join": [
                "",
                [
                  "s3://",
                  {
                    "Ref": "WebBucket12880F5B"
                  },
                  "/web"
                ]
              ]
            },
            "CF_DISTRIBUTION_ID": {
              "Ref": "Distribution830FAC52"
            }
          }
        },
        "Handler": "webapp_deploy.main.handler",
        "ReservedConcurrentExecutions": 1,
        "Runtime": "python3.8",
        "Tags": [
          {
            "Key": "Project",
            "Value": "liflig-cdk-app-reference"
          },
          {
            "Key": "SourceRepo",
            "Value": "github/capralifecycle/liflig-cdk-app-reference"
          },
          {
            "Key": "StackName",
            "Value": "cdkappref-staging-webapp"
          }
        ],
        "Timeout": 120
      },
      "DependsOn": [
        "WebappDeployServiceRoleDefaultPolicyE446530F",
        "WebappDeployServiceRole78F79841"
      ],
      "Metadata": {
        "aws:cdk:path": "cdkappref-build-core-prod-pipeline/cdkappref-staging/webapp/WebappDeploy/Resource/Resource",
        "aws:asset:path": "asset.snapshot-value",
        "aws:asset:property": "Code"
      }
    },
    "WebappDeployCustomResourceCustomResourcePolicyB85F7B61": {
      "Type": "AWS::IAM::Policy",
      "Properties": {
        "PolicyDocument": {
          "Statement": [
            {
              "Action": "lambda:InvokeFunction",
              "Effect": "Allow",
              "Resource": {
                "Fn::GetAtt": [
                  "WebappDeploy4D661524",
                  "Arn"
                ]
              }
            }
          ],
          "Version": "2012-10-17"
        },
        "PolicyName": "WebappDeployCustomResourceCustomResourcePolicyB85F7B61",
        "Roles": [
          {
            "Ref": "AWS679f53fac002430cb0da5b7982bd2287ServiceRoleC1EA0FF2"
          }
        ]
      },
      "Metadata": {
        "aws:cdk:path": "cdkappref-build-core-prod-pipeline/cdkappref-staging/webapp/WebappDeploy/CustomResource/CustomResourcePolicy/Resource"
      }
    },
    "WebappDeployCustomResourceCF959726": {
      "Type": "Custom::AWS",
      "Properties": {
        "ServiceToken": {
          "Fn::GetAtt": [
            "AWS679f53fac002430cb0da5b7982bd22872D164C4C",
            "Arn"
          ]
        },
        "Create": {
          "Fn::Join": [
            "",
            [
              "{\"service\":\"Lambda\",\"action\":\"invoke\",\"physicalResourceId\":{\"id\":\"webapp-deploy\"},\"parameters\":{\"FunctionName\":\"",
              {
                "Ref": "WebappDeploy4D661524"
              },
              "\",\"Payload\":\"{\\\"artifactS3Url\\\":\\\"s3://incub-common-build-artifacts-001112238813-eu-west-1/snapshot-value\\\"}\"}}"
            ]
          ]
        },
        "Update": {
          "Fn::Join": [
            "",
            [
              "{\"service\":\"Lambda\",\"action\":\"invoke\",\"physicalResourceId\":{\"id\":\"webapp-deploy\"},\"parameters\":{\"FunctionName\":\"",
              {
                "Ref": "WebappDeploy4D661524"
              },
              "\",\"Payload\":\"{\\\"artifactS3Url\\\":\\\"s3://incub-common-build-artifacts-001112238813-eu-west-1/snapshot-value\\\"}\"}}"
            ]
          ]
        },
        "InstallLatestAwsSdk": true
      },
      "DependsOn": [
        "WebappDeployCustomResourceCustomResourcePolicyB85F7B61"
      ],
      "UpdateReplacePolicy": "Delete",
      "DeletionPolicy": "Delete",
      "Metadata": {
        "aws:cdk:path": "cdkappref-build-core-prod-pipeline/cdkappref-staging/webapp/WebappDeploy/CustomResource/Resource/Default"
      }
    },
    "AWS679f53fac002430cb0da5b7982bd2287ServiceRoleC1EA0FF2": {
      "Type": "AWS::IAM::Role",
      "Properties": {
        "AssumeRolePolicyDocument": {
          "Statement": [
            {
              "Action": "sts:AssumeRole",
              "Effect": "Allow",
              "Principal": {
                "Service": "lambda.amazonaws.com"
              }
            }
          ],
          "Version": "2012-10-17"
        },
        "ManagedPolicyArns": [
          {
            "Fn::Join": [
              "",
              [
                "arn:",
                {
                  "Ref": "AWS::Partition"
                },
                ":iam::aws:policy/service-role/AWSLambdaBasicExecutionRole"
              ]
            ]
          }
        ],
        "Tags": [
          {
            "Key": "Project",
            "Value": "liflig-cdk-app-reference"
          },
          {
            "Key": "SourceRepo",
            "Value": "github/capralifecycle/liflig-cdk-app-reference"
          },
          {
            "Key": "StackName",
            "Value": "cdkappref-staging-webapp"
          }
        ]
      },
      "Metadata": {
        "aws:cdk:path": "cdkappref-build-core-prod-pipeline/cdkappref-staging/webapp/AWS679f53fac002430cb0da5b7982bd2287/ServiceRole/Resource"
      }
    },
    "AWS679f53fac002430cb0da5b7982bd22872D164C4C": {
      "Type": "AWS::Lambda::Function",
      "Properties": {
        "Code": {
          "S3Bucket": "cdk-hnb659fds-assets-001112238813-eu-west-1",
          "S3Key": "snapshot-value.zip"
        },
        "Role": {
          "Fn::GetAtt": [
            "AWS679f53fac002430cb0da5b7982bd2287ServiceRoleC1EA0FF2",
            "Arn"
          ]
        },
        "Handler": "index.handler",
        "Runtime": "nodejs12.x",
        "Tags": [
          {
            "Key": "Project",
            "Value": "liflig-cdk-app-reference"
          },
          {
            "Key": "SourceRepo",
            "Value": "github/capralifecycle/liflig-cdk-app-reference"
          },
          {
            "Key": "StackName",
            "Value": "cdkappref-staging-webapp"
          }
        ],
        "Timeout": 120
      },
      "DependsOn": [
        "AWS679f53fac002430cb0da5b7982bd2287ServiceRoleC1EA0FF2"
      ],
      "Metadata": {
        "aws:cdk:path": "cdkappref-build-core-prod-pipeline/cdkappref-staging/webapp/AWS679f53fac002430cb0da5b7982bd2287/Resource",
        "aws:asset:path": "asset.snapshot-value",
        "aws:asset:property": "Code"
      }
    },
    "DomainNameParamB41E83D4": {
      "Type": "AWS::SSM::Parameter",
      "Properties": {
        "Type": "String",
        "Value": {
          "Fn::GetAtt": [
            "Distribution830FAC52",
            "DomainName"
          ]
        },
        "Name": "/cdkappref/staging/webapp-domain-name",
        "Tags": {
          "Project": "liflig-cdk-app-reference",
          "SourceRepo": "github/capralifecycle/liflig-cdk-app-reference",
          "StackName": "cdkappref-staging-webapp"
        }
      },
      "Metadata": {
        "aws:cdk:path": "cdkappref-build-core-prod-pipeline/cdkappref-staging/webapp/DomainNameParam/Resource"
      }
    }
  },
  "Parameters": {
    "BootstrapVersion": {
      "Type": "AWS::SSM::Parameter::Value<String>",
      "Default": "/cdk-bootstrap/hnb659fds/version",
      "Description": "Version of the CDK Bootstrap resources in this environment, automatically retrieved from SSM Parameter Store."
    }
  },
  "Rules": {
    "CheckBootstrapVersion": {
      "Assertions": [
        {
          "Assert": {
            "Fn::Not": [
              {
                "Fn::Contains": [
                  [
                    "1",
                    "2",
                    "3"
                  ],
                  {
                    "Ref": "BootstrapVersion"
                  }
                ]
              }
            ]
          },
          "AssertDescription": "CDK bootstrap stack version 4 required. Please run 'cdk bootstrap' with a recent version of the CDK CLI."
        }
      ]
    }
  }
}