{
  "artifacts": {
    "cdkapprefbuildcoreprodpipelinecdkapprefstagingcoreD4D9E058.assets": {
      "type": "cdk:asset-manifest",
      "properties": {
        "file": "cdkapprefbuildcoreprodpipelinecdkapprefstagingcoreD4D9E058.assets.json",
        "requiresBootstrapStackVersion": 6,
        "bootstrapStackVersionSsmParameter": "/cdk-bootstrap/liflig/version"
      }
    },
    "cdkapprefbuildcoreprodpipelinecdkapprefstagingcoreD4D9E058": {
      "type": "aws:cloudformation:stack",
      "environment": "aws://001112238813/eu-west-1",
      "properties": {
        "templateFile": "cdkapprefbuildcoreprodpipelinecdkapprefstagingcoreD4D9E058.template.json",
        "tags": {
          "Project": "liflig-cdk-app-reference",
          "SourceRepo": "github/capralifecycle/liflig-cdk-app-reference",
          "StackName": "cdkappref-staging-core"
        },
        "validateOnSynth": true,
        "assumeRoleArn": "arn:${AWS::Partition}:iam::001112238813:role/cdk-liflig-deploy-role-001112238813-eu-west-1",
        "cloudFormationExecutionRoleArn": "arn:${AWS::Partition}:iam::001112238813:role/cdk-liflig-cfn-exec-role-001112238813-eu-west-1",
        "stackTemplateAssetObjectUrl": "s3://cdk-liflig-assets-001112238813-eu-west-1/snapshot-value.json",
        "requiresBootstrapStackVersion": 6,
        "bootstrapStackVersionSsmParameter": "/cdk-bootstrap/liflig/version",
        "additionalDependencies": [
          "cdkapprefbuildcoreprodpipelinecdkapprefstagingcoreD4D9E058.assets"
        ],
        "lookupRole": {
          "arn": "arn:${AWS::Partition}:iam::001112238813:role/cdk-liflig-lookup-role-001112238813-eu-west-1",
          "requiresBootstrapStackVersion": 8,
          "bootstrapStackVersionSsmParameter": "/cdk-bootstrap/liflig/version"
        },
        "stackName": "cdkappref-staging-core"
      },
      "dependencies": [
        "cdkapprefbuildcoreprodpipelinecdkapprefstagingcoreD4D9E058.assets"
      ],
      "metadata": {
        "/cdkappref-build-core-prod-pipeline/cdkappref-staging/core": [
          {
            "type": "aws:cdk:stack-tags",
            "data": [
              {
                "Key": "Project",
                "Value": "liflig-cdk-app-reference"
              },
              {
                "Key": "SourceRepo",
                "Value": "github/capralifecycle/liflig-cdk-app-reference"
              },
              {
                "Key": "StackName",
                "Value": "cdkappref-staging-core"
              }
            ]
          }
        ],
        "/cdkappref-build-core-prod-pipeline/cdkappref-staging/core/ExampleResource/Resource": [
          {
            "type": "aws:cdk:logicalId",
            "data": "ExampleResourceAC53F4AE"
          }
        ],
        "/cdkappref-build-core-prod-pipeline/cdkappref-staging/core/DemoParam/Resource": [
          {
            "type": "aws:cdk:logicalId",
            "data": "DemoParam641CC643"
          }
        ],
        "/cdkappref-build-core-prod-pipeline/cdkappref-staging/core/CDKMetadata/Default": [
          {
            "type": "aws:cdk:logicalId",
            "data": "CDKMetadata"
          }
        ],
        "/cdkappref-build-core-prod-pipeline/cdkappref-staging/core/BootstrapVersion": [
          {
            "type": "aws:cdk:logicalId",
            "data": "BootstrapVersion"
          }
        ],
        "/cdkappref-build-core-prod-pipeline/cdkappref-staging/core/CheckBootstrapVersion": [
          {
            "type": "aws:cdk:logicalId",
            "data": "CheckBootstrapVersion"
          }
        ]
      },
      "displayName": "cdkappref-build-core-prod-pipeline/cdkappref-staging/core"
    },
    "cdkapprefbuildcoreprodpipelinecdkapprefstagingwebapp960D00E8.assets": {
      "type": "cdk:asset-manifest",
      "properties": {
        "file": "cdkapprefbuildcoreprodpipelinecdkapprefstagingwebapp960D00E8.assets.json",
        "requiresBootstrapStackVersion": 6,
        "bootstrapStackVersionSsmParameter": "/cdk-bootstrap/liflig/version"
      }
    },
    "cdkapprefbuildcoreprodpipelinecdkapprefstagingwebapp960D00E8": {
      "type": "aws:cloudformation:stack",
      "environment": "aws://001112238813/eu-west-1",
      "properties": {
        "templateFile": "cdkapprefbuildcoreprodpipelinecdkapprefstagingwebapp960D00E8.template.json",
        "tags": {
          "Project": "liflig-cdk-app-reference",
          "SourceRepo": "github/capralifecycle/liflig-cdk-app-reference",
          "StackName": "cdkappref-staging-webapp"
        },
        "validateOnSynth": true,
        "assumeRoleArn": "arn:${AWS::Partition}:iam::001112238813:role/cdk-liflig-deploy-role-001112238813-eu-west-1",
        "cloudFormationExecutionRoleArn": "arn:${AWS::Partition}:iam::001112238813:role/cdk-liflig-cfn-exec-role-001112238813-eu-west-1",
        "stackTemplateAssetObjectUrl": "s3://cdk-liflig-assets-001112238813-eu-west-1/snapshot-value.json",
        "requiresBootstrapStackVersion": 6,
        "bootstrapStackVersionSsmParameter": "/cdk-bootstrap/liflig/version",
        "additionalDependencies": [
          "cdkapprefbuildcoreprodpipelinecdkapprefstagingwebapp960D00E8.assets"
        ],
        "lookupRole": {
          "arn": "arn:${AWS::Partition}:iam::001112238813:role/cdk-liflig-lookup-role-001112238813-eu-west-1",
          "requiresBootstrapStackVersion": 8,
          "bootstrapStackVersionSsmParameter": "/cdk-bootstrap/liflig/version"
        },
        "stackName": "cdkappref-staging-webapp"
      },
      "dependencies": [
        "cdkapprefbuildcoreprodpipelinecdkapprefstagingwebapp960D00E8.assets"
      ],
      "metadata": {
        "/cdkappref-build-core-prod-pipeline/cdkappref-staging/webapp": [
          {
            "type": "aws:cdk:stack-tags",
            "data": [
              {
                "Key": "Project",
                "Value": "liflig-cdk-app-reference"
              },
              {
                "Key": "SourceRepo",
                "Value": "github/capralifecycle/liflig-cdk-app-reference"
              },
              {
                "Key": "StackName",
                "Value": "cdkappref-staging-webapp"
              }
            ]
          }
        ],
        "/cdkappref-build-core-prod-pipeline/cdkappref-staging/webapp/WebBucket/Resource": [
          {
            "type": "aws:cdk:logicalId",
            "data": "WebBucket12880F5B"
          }
        ],
        "/cdkappref-build-core-prod-pipeline/cdkappref-staging/webapp/WebBucket/Policy/Resource": [
          {
            "type": "aws:cdk:logicalId",
            "data": "WebBucketPolicy95D08FAA"
          }
        ],
        "/cdkappref-build-core-prod-pipeline/cdkappref-staging/webapp/Distribution/Origin1/S3Origin/Resource": [
          {
            "type": "aws:cdk:logicalId",
            "data": "DistributionOrigin1S3Origin5F5C0696"
          }
        ],
        "/cdkappref-build-core-prod-pipeline/cdkappref-staging/webapp/Distribution/Resource": [
          {
            "type": "aws:cdk:logicalId",
            "data": "Distribution830FAC52"
          }
        ],
        "/cdkappref-build-core-prod-pipeline/cdkappref-staging/webapp/WebappDeploy/WebappDeployResource/ServiceRole/Resource": [
          {
            "type": "aws:cdk:logicalId",
            "data": "WebappDeployWebappDeployResourceServiceRole6D7BB70F"
          }
        ],
        "/cdkappref-build-core-prod-pipeline/cdkappref-staging/webapp/WebappDeploy/WebappDeployResource/ServiceRole/DefaultPolicy/Resource": [
          {
            "type": "aws:cdk:logicalId",
            "data": "WebappDeployWebappDeployResourceServiceRoleDefaultPolicy5CB528F1"
          }
        ],
        "/cdkappref-build-core-prod-pipeline/cdkappref-staging/webapp/WebappDeploy/WebappDeployResource/Resource": [
          {
            "type": "aws:cdk:logicalId",
            "data": "WebappDeployWebappDeployResource568A3E18"
          }
        ],
        "/cdkappref-build-core-prod-pipeline/cdkappref-staging/webapp/WebappDeploy/Provider/framework-onEvent/ServiceRole/Resource": [
          {
            "type": "aws:cdk:logicalId",
            "data": "WebappDeployProviderframeworkonEventServiceRole6401B28E"
          }
        ],
        "/cdkappref-build-core-prod-pipeline/cdkappref-staging/webapp/WebappDeploy/Provider/framework-onEvent/ServiceRole/DefaultPolicy/Resource": [
          {
            "type": "aws:cdk:logicalId",
            "data": "WebappDeployProviderframeworkonEventServiceRoleDefaultPolicy007A69B8"
          }
        ],
        "/cdkappref-build-core-prod-pipeline/cdkappref-staging/webapp/WebappDeploy/Provider/framework-onEvent/Resource": [
          {
            "type": "aws:cdk:logicalId",
            "data": "WebappDeployProviderframeworkonEvent095845EB"
          }
        ],
        "/cdkappref-build-core-prod-pipeline/cdkappref-staging/webapp/WebappDeploy/CustomResource/Default": [
          {
            "type": "aws:cdk:logicalId",
            "data": "WebappDeployCustomResourceCA418804"
          }
        ],
        "/cdkappref-build-core-prod-pipeline/cdkappref-staging/webapp/DomainNameParam/Resource": [
          {
            "type": "aws:cdk:logicalId",
            "data": "DomainNameParamB41E83D4"
          }
        ],
        "/cdkappref-build-core-prod-pipeline/cdkappref-staging/webapp/CDKMetadata/Default": [
          {
            "type": "aws:cdk:logicalId",
            "data": "CDKMetadata"
          }
        ],
        "/cdkappref-build-core-prod-pipeline/cdkappref-staging/webapp/BootstrapVersion": [
          {
            "type": "aws:cdk:logicalId",
            "data": "BootstrapVersion"
          }
        ],
        "/cdkappref-build-core-prod-pipeline/cdkappref-staging/webapp/CheckBootstrapVersion": [
          {
            "type": "aws:cdk:logicalId",
            "data": "CheckBootstrapVersion"
          }
        ]
      },
      "displayName": "cdkappref-build-core-prod-pipeline/cdkappref-staging/webapp"
    }
  }
}